
Server listening on port 8080
/
| Encryption parameters :
|   scheme: CKKS
|   poly_modulus_degree: 4096
|   coeff_modulus size: 100 (50 + 50) bits
\
Received 131138 bytes
Received 65611 bytes
Number of slots: 2048
========== init layer ================
Read 432 weights:
Read 16384 weights:
Enter relu_anonymous_interact
Enter relu_anonymous_interact S
Sent 353675 bytes
Received 943079 bytes
========== layer 1 ================
=== block 0 ===
Read 2304 weights:
Read 16384 weights:
Enter relu_anonymous_interact
Enter relu_anonymous_interact S
Sent 353635 bytes
Received 943194 bytes
Read 2304 weights:
Read 16384 weights:
Enter relu_anonymous_interact_add
Enter relu_anonymous_interact_add S
Sent 353724 bytes
Received 943088 bytes
=== block 1 ===
Read 2304 weights:
Read 16384 weights:
Enter relu_anonymous_interact
Enter relu_anonymous_interact S
Sent 353620 bytes
Received 943124 bytes
Read 2304 weights:
Read 16384 weights:
Enter relu_anonymous_interact_add
Enter relu_anonymous_interact_add S
Sent 353710 bytes
Received 943231 bytes
=== block 2 ===
Read 2304 weights:
Read 16384 weights:
Enter relu_anonymous_interact
Enter relu_anonymous_interact S
Sent 353712 bytes
Received 943170 bytes
Read 2304 weights:
Read 16384 weights:
Enter relu_anonymous_interact_add
Enter relu_anonymous_interact_add S
Sent 353662 bytes
Received 943123 bytes
Received 943092 bytes
========== layer 2 ================
=== block 0 ===
Read 4608 weights:
Read 32768 weights:
Enter relu_anonymous_interact
Enter relu_anonymous_interact S
Sent 648408 bytes
Received 648435 bytes
Read 9216 weights:
Read 8192 weights:
Read 512 weights:
Read 32768 weights:
Enter relu_anonymous_interact_add
Enter relu_anonymous_interact_add S
Sent 471597 bytes
Sent 471670 bytes
Received 648551 bytes
=== block 1 ===
Read 9216 weights:
Read 8192 weights:
Enter relu_anonymous_interact
Enter relu_anonymous_interact S
Sent 471632 bytes
Received 648467 bytes
Read 9216 weights:
Read 8192 weights:
Enter relu_anonymous_interact_add
Enter relu_anonymous_interact_add S
Sent 471554 bytes
Received 648473 bytes
=== block 2 ===
Read 9216 weights:
Read 8192 weights:
Enter relu_anonymous_interact
Enter relu_anonymous_interact S
Sent 471687 bytes
Received 648518 bytes
Read 9216 weights:
Read 8192 weights:
Enter relu_anonymous_interact_add
Enter relu_anonymous_interact_add S
Sent 471636 bytes
Received 943266 bytes
Received 943237 bytes
========== layer 3 ================
=== block 0 ===
Read 18432 weights:
Read 16384 weights:
Enter relu_anonymous_interact
Enter relu_anonymous_interact S
Sent 648501 bytes
Received 766292 bytes
Read 36864 weights:
Read 4096 weights:
Read 2048 weights:
Read 16384 weights:
Enter relu_anonymous_interact_add
Enter relu_anonymous_interact_add S
Sent 471639 bytes
Sent 471673 bytes
Received 766358 bytes
=== block 1 ===
Read 36864 weights:
Read 4096 weights:
Enter relu_anonymous_interact
Enter relu_anonymous_interact S
Sent 471596 bytes
Received 766279 bytes
Read 36864 weights:
Read 4096 weights:
Enter relu_anonymous_interact_add
Enter relu_anonymous_interact_add S
Sent 471635 bytes
Received 766463 bytes
=== block 2 ===
Read 36864 weights:
Read 4096 weights:
Enter relu_anonymous_interact
Enter relu_anonymous_interact S
Sent 471574 bytes
Received 766347 bytes
Read 36864 weights:
Read 4096 weights:
========== FC AVG ================
Enter relu_anonymous_interact_add
Enter relu_anonymous_interact_add S
Sent 471646 bytes
Received 58959 bytes
Read 640 weights:
Read 10 weights:
Total execution time: 9929 ms
Socket 4: Received 16761495 bytes, Sent 9432186 bytes
Total: 26193681 bytes
Server listening on port 8080
/
| Encryption parameters :
|   scheme: CKKS
|   poly_modulus_degree: 4096
|   coeff_modulus size: 100 (50 + 50) bits
\
Received 131138 bytes
Received 65611 bytes
Number of slots: 2048
========== init layer ================
Read 432 weights:
Read 16384 weights:
Enter relu_anonymous_interact
Enter relu_anonymous_interact S
Sent 353691 bytes
Received 943222 bytes
========== layer 1 ================
=== block 0 ===
Read 2304 weights:
Read 16384 weights:
Enter relu_anonymous_interact
Enter relu_anonymous_interact S
Sent 353713 bytes
Received 943224 bytes
Read 2304 weights:
Read 16384 weights:
Enter relu_anonymous_interact_add
Enter relu_anonymous_interact_add S
Sent 353741 bytes
Received 943149 bytes
=== block 1 ===
Read 2304 weights:
Read 16384 weights:
Enter relu_anonymous_interact
Enter relu_anonymous_interact S
Sent 353743 bytes
Received 943132 bytes
Read 2304 weights:
Read 16384 weights:
Enter relu_anonymous_interact_add
Enter relu_anonymous_interact_add S
Sent 353691 bytes
Received 943141 bytes
=== block 2 ===
Read 2304 weights:
Read 16384 weights:
Enter relu_anonymous_interact
Enter relu_anonymous_interact S
Sent 353670 bytes
Received 943183 bytes
Read 2304 weights:
Read 16384 weights:
Enter relu_anonymous_interact_add
Enter relu_anonymous_interact_add S
Sent 353721 bytes
Received 943210 bytes
Received 943245 bytes
========== layer 2 ================
=== block 0 ===
Read 4608 weights:
Read 32768 weights:
Enter relu_anonymous_interact
Enter relu_anonymous_interact S
Sent 648493 bytes
Received 648444 bytes
Read 9216 weights:
Read 8192 weights:
Read 512 weights:
Read 32768 weights:
Enter relu_anonymous_interact_add
Enter relu_anonymous_interact_add S
Sent 471602 bytes
Sent 471591 bytes
Received 648504 bytes
=== block 1 ===
Read 9216 weights:
Read 8192 weights:
Enter relu_anonymous_interact
Enter relu_anonymous_interact S
Sent 471575 bytes
Received 648369 bytes
Read 9216 weights:
Read 8192 weights:
Enter relu_anonymous_interact_add
Enter relu_anonymous_interact_add S
Sent 471567 bytes
Received 648374 bytes
=== block 2 ===
Read 9216 weights:
Read 8192 weights:
Enter relu_anonymous_interact
Enter relu_anonymous_interact S
Sent 471623 bytes
Received 648422 bytes
Read 9216 weights:
Read 8192 weights:
Enter relu_anonymous_interact_add
Enter relu_anonymous_interact_add S
Sent 471574 bytes
Received 943229 bytes
Received 943126 bytes
========== layer 3 ================
=== block 0 ===
Read 18432 weights:
Read 16384 weights:
Enter relu_anonymous_interact
Enter relu_anonymous_interact S
Sent 648454 bytes
Received 766318 bytes
Read 36864 weights:
Read 4096 weights:
Read 2048 weights:
Read 16384 weights:
Enter relu_anonymous_interact_add
Enter relu_anonymous_interact_add S
Sent 471632 bytes
Sent 471555 bytes
Received 766320 bytes
=== block 1 ===
Read 36864 weights:
Read 4096 weights:
Enter relu_anonymous_interact
Enter relu_anonymous_interact S
Sent 471680 bytes
Received 766273 bytes
Read 36864 weights:
Read 4096 weights:
Enter relu_anonymous_interact_add
Enter relu_anonymous_interact_add S
Sent 471548 bytes
Received 766381 bytes
=== block 2 ===
Read 36864 weights:
Read 4096 weights:
Enter relu_anonymous_interact
Enter relu_anonymous_interact S
Sent 471698 bytes
Received 766219 bytes
Read 36864 weights:
Read 4096 weights:
========== FC AVG ================
Enter relu_anonymous_interact_add
Enter relu_anonymous_interact_add S
Sent 471595 bytes
Received 58974 bytes
Read 640 weights:
Read 10 weights:
Total execution time: 9892 ms
Socket 4: Received 16761208 bytes, Sent 9432157 bytes
Total: 26193365 bytes
Server listening on port 8080
/
| Encryption parameters :
|   scheme: CKKS
|   poly_modulus_degree: 4096
|   coeff_modulus size: 100 (50 + 50) bits
\
Received 131138 bytes
Received 65611 bytes
Number of slots: 2048
========== init layer ================
Read 432 weights:
Read 16384 weights:
Enter relu_anonymous_interact
Enter relu_anonymous_interact S
Sent 353679 bytes
Received 943235 bytes
========== layer 1 ================
=== block 0 ===
Read 2304 weights:
Read 16384 weights:
Enter relu_anonymous_interact
Enter relu_anonymous_interact S
Sent 353734 bytes
Received 943175 bytes
Read 2304 weights:
Read 16384 weights:
Enter relu_anonymous_interact_add
Enter relu_anonymous_interact_add S
Sent 353667 bytes
Received 943129 bytes
=== block 1 ===
Read 2304 weights:
Read 16384 weights:
Enter relu_anonymous_interact
Enter relu_anonymous_interact S
Sent 353713 bytes
Received 943203 bytes
Read 2304 weights:
Read 16384 weights:
Enter relu_anonymous_interact_add
Enter relu_anonymous_interact_add S
Sent 353734 bytes
Received 943333 bytes
=== block 2 ===
Read 2304 weights:
Read 16384 weights:
Enter relu_anonymous_interact
Enter relu_anonymous_interact S
Sent 353658 bytes
Received 943102 bytes
Read 2304 weights:
Read 16384 weights:
Enter relu_anonymous_interact_add
Enter relu_anonymous_interact_add S
Sent 353663 bytes
Received 943230 bytes
Received 943178 bytes
========== layer 2 ================
=== block 0 ===
Read 4608 weights:
Read 32768 weights:
Enter relu_anonymous_interact
Enter relu_anonymous_interact S
Sent 648335 bytes
Received 648355 bytes
Read 9216 weights:
Read 8192 weights:
Read 512 weights:
Read 32768 weights:
Enter relu_anonymous_interact_add
Enter relu_anonymous_interact_add S
Sent 471481 bytes
Sent 471718 bytes
Received 648590 bytes
=== block 1 ===
Read 9216 weights:
Read 8192 weights:
Enter relu_anonymous_interact
Enter relu_anonymous_interact S
Sent 471677 bytes
Received 648628 bytes
Read 9216 weights:
Read 8192 weights:
Enter relu_anonymous_interact_add
Enter relu_anonymous_interact_add S
Sent 471677 bytes
Received 648485 bytes
=== block 2 ===
Read 9216 weights:
Read 8192 weights:
Enter relu_anonymous_interact
Enter relu_anonymous_interact S
Sent 471578 bytes
Received 648424 bytes
Read 9216 weights:
Read 8192 weights:
Enter relu_anonymous_interact_add
Enter relu_anonymous_interact_add S
Sent 471599 bytes
Received 943195 bytes
Received 943175 bytes
========== layer 3 ================
=== block 0 ===
Read 18432 weights:
Read 16384 weights:
Enter relu_anonymous_interact
Enter relu_anonymous_interact S
Sent 648417 bytes
Received 766350 bytes
Read 36864 weights:
Read 4096 weights:
Read 2048 weights:
Read 16384 weights:
Enter relu_anonymous_interact_add
Enter relu_anonymous_interact_add S
Sent 471597 bytes
Sent 471625 bytes
Received 766337 bytes
=== block 1 ===
Read 36864 weights:
Read 4096 weights:
Enter relu_anonymous_interact
Enter relu_anonymous_interact S
Sent 471473 bytes
Received 766302 bytes
Read 36864 weights:
Read 4096 weights:
Enter relu_anonymous_interact_add
Enter relu_anonymous_interact_add S
Sent 471667 bytes
Received 766407 bytes
=== block 2 ===
Read 36864 weights:
Read 4096 weights:
Enter relu_anonymous_interact
Enter relu_anonymous_interact S
Sent 471718 bytes
Received 766358 bytes
Read 36864 weights:
Read 4096 weights:
========== FC AVG ================
Enter relu_anonymous_interact_add
Enter relu_anonymous_interact_add S
Sent 471648 bytes
Received 58947 bytes
Read 640 weights:
Read 10 weights:
Total execution time: 9815 ms
Socket 4: Received 16761887 bytes, Sent 9432058 bytes
Total: 26193945 bytes
Server listening on port 8080
/
| Encryption parameters :
|   scheme: CKKS
|   poly_modulus_degree: 4096
|   coeff_modulus size: 100 (50 + 50) bits
\
Received 131138 bytes
Received 65611 bytes
Number of slots: 2048
========== init layer ================
Read 432 weights:
Read 16384 weights:
Enter relu_anonymous_interact
Enter relu_anonymous_interact S
Sent 353727 bytes
Received 943199 bytes
========== layer 1 ================
=== block 0 ===
Read 2304 weights:
Read 16384 weights:
Enter relu_anonymous_interact
Enter relu_anonymous_interact S
Sent 353693 bytes
Received 943287 bytes
Read 2304 weights:
Read 16384 weights:
Enter relu_anonymous_interact_add
Enter relu_anonymous_interact_add S
Sent 353751 bytes
Received 943135 bytes
=== block 1 ===
Read 2304 weights:
Read 16384 weights:
Enter relu_anonymous_interact
Enter relu_anonymous_interact S
Sent 353722 bytes
Received 943246 bytes
Read 2304 weights:
Read 16384 weights:
Enter relu_anonymous_interact_add
Enter relu_anonymous_interact_add S
Sent 353685 bytes
Received 943306 bytes
=== block 2 ===
Read 2304 weights:
Read 16384 weights:
Enter relu_anonymous_interact
Enter relu_anonymous_interact S
Sent 353744 bytes
Received 943232 bytes
Read 2304 weights:
Read 16384 weights:
Enter relu_anonymous_interact_add
Enter relu_anonymous_interact_add S
Sent 353636 bytes
Received 943191 bytes
Received 943181 bytes
========== layer 2 ================
=== block 0 ===
Read 4608 weights:
Read 32768 weights:
Enter relu_anonymous_interact
Enter relu_anonymous_interact S
Sent 648420 bytes
Received 648512 bytes
Read 9216 weights:
Read 8192 weights:
Read 512 weights:
Read 32768 weights:
Enter relu_anonymous_interact_add
Enter relu_anonymous_interact_add S
Sent 471653 bytes
Sent 471660 bytes
Received 648418 bytes
=== block 1 ===
Read 9216 weights:
Read 8192 weights:
Enter relu_anonymous_interact
Enter relu_anonymous_interact S
Sent 471647 bytes
Received 648371 bytes
Read 9216 weights:
Read 8192 weights:
Enter relu_anonymous_interact_add
Enter relu_anonymous_interact_add S
Sent 471651 bytes
Received 648507 bytes
=== block 2 ===
Read 9216 weights:
Read 8192 weights:
Enter relu_anonymous_interact
Enter relu_anonymous_interact S
Sent 471562 bytes
Received 648445 bytes
Read 9216 weights:
Read 8192 weights:
Enter relu_anonymous_interact_add
Enter relu_anonymous_interact_add S
Sent 471649 bytes
Received 943133 bytes
Received 943194 bytes
========== layer 3 ================
=== block 0 ===
Read 18432 weights:
Read 16384 weights:
Enter relu_anonymous_interact
Enter relu_anonymous_interact S
Sent 648616 bytes
Received 766342 bytes
Read 36864 weights:
Read 4096 weights:
Read 2048 weights:
Read 16384 weights:
Enter relu_anonymous_interact_add
Enter relu_anonymous_interact_add S
Sent 471668 bytes
Sent 471661 bytes
Received 766442 bytes
=== block 1 ===
Read 36864 weights:
Read 4096 weights:
Enter relu_anonymous_interact
Enter relu_anonymous_interact S
Sent 471716 bytes
Received 766478 bytes
Read 36864 weights:
Read 4096 weights:
Enter relu_anonymous_interact_add
Enter relu_anonymous_interact_add S
Sent 471582 bytes
Received 766350 bytes
=== block 2 ===
Read 36864 weights:
Read 4096 weights:
Enter relu_anonymous_interact
Enter relu_anonymous_interact S
Sent 471608 bytes
Received 766396 bytes
Read 36864 weights:
Read 4096 weights:
========== FC AVG ================
Enter relu_anonymous_interact_add
Enter relu_anonymous_interact_add S
Sent 471582 bytes
Received 58972 bytes
Read 640 weights:
Read 10 weights:
Total execution time: 9813 ms
Socket 4: Received 16762086 bytes, Sent 9432633 bytes
Total: 26194719 bytes
Server listening on port 8080
/
| Encryption parameters :
|   scheme: CKKS
|   poly_modulus_degree: 4096
|   coeff_modulus size: 100 (50 + 50) bits
\
Received 131138 bytes
Received 65611 bytes
Number of slots: 2048
========== init layer ================
Read 432 weights:
Read 16384 weights:
Enter relu_anonymous_interact
Enter relu_anonymous_interact S
Sent 353700 bytes
Received 943354 bytes
========== layer 1 ================
=== block 0 ===
Read 2304 weights:
Read 16384 weights:
Enter relu_anonymous_interact
Enter relu_anonymous_interact S
Sent 353718 bytes
Received 943179 bytes
Read 2304 weights:
Read 16384 weights:
Enter relu_anonymous_interact_add
Enter relu_anonymous_interact_add S
Sent 353717 bytes
Received 943215 bytes
=== block 1 ===
Read 2304 weights:
Read 16384 weights:
Enter relu_anonymous_interact
Enter relu_anonymous_interact S
Sent 353713 bytes
Received 943132 bytes
Read 2304 weights:
Read 16384 weights:
Enter relu_anonymous_interact_add
Enter relu_anonymous_interact_add S
Sent 353750 bytes
Received 943245 bytes
=== block 2 ===
Read 2304 weights:
Read 16384 weights:
Enter relu_anonymous_interact
Enter relu_anonymous_interact S
Sent 353734 bytes
Received 943248 bytes
Read 2304 weights:
Read 16384 weights:
Enter relu_anonymous_interact_add
Enter relu_anonymous_interact_add S
Sent 353686 bytes
Received 943240 bytes
Received 943149 bytes
========== layer 2 ================
=== block 0 ===
Read 4608 weights:
Read 32768 weights:
Enter relu_anonymous_interact
Enter relu_anonymous_interact S
Sent 648465 bytes
Received 648465 bytes
Read 9216 weights:
Read 8192 weights:
Read 512 weights:
Read 32768 weights:
Enter relu_anonymous_interact_add
Enter relu_anonymous_interact_add S
Sent 471541 bytes
Sent 471647 bytes
Received 648334 bytes
=== block 1 ===
Read 9216 weights:
Read 8192 weights:
Enter relu_anonymous_interact
Enter relu_anonymous_interact S
Sent 471618 bytes
Received 648447 bytes
Read 9216 weights:
Read 8192 weights:
Enter relu_anonymous_interact_add
Enter relu_anonymous_interact_add S
Sent 471553 bytes
Received 648518 bytes
=== block 2 ===
Read 9216 weights:
Read 8192 weights:
Enter relu_anonymous_interact
Enter relu_anonymous_interact S
Sent 471611 bytes
Received 648457 bytes
Read 9216 weights:
Read 8192 weights:
Enter relu_anonymous_interact_add
Enter relu_anonymous_interact_add S
Sent 471499 bytes
Received 943262 bytes
Received 943118 bytes
========== layer 3 ================
=== block 0 ===
Read 18432 weights:
Read 16384 weights:
Enter relu_anonymous_interact
Enter relu_anonymous_interact S
Sent 648527 bytes
Received 766345 bytes
Read 36864 weights:
Read 4096 weights:
Read 2048 weights:
Read 16384 weights:
Enter relu_anonymous_interact_add
Enter relu_anonymous_interact_add S
Sent 471611 bytes
Sent 471657 bytes
Received 766362 bytes
=== block 1 ===
Read 36864 weights:
Read 4096 weights:
Enter relu_anonymous_interact
Enter relu_anonymous_interact S
Sent 471622 bytes
Received 766348 bytes
Read 36864 weights:
Read 4096 weights:
Enter relu_anonymous_interact_add
Enter relu_anonymous_interact_add S
Sent 471593 bytes
Received 766279 bytes
=== block 2 ===
Read 36864 weights:
Read 4096 weights:
Enter relu_anonymous_interact
Enter relu_anonymous_interact S
Sent 471620 bytes
Received 766370 bytes
Read 36864 weights:
Read 4096 weights:
========== FC AVG ================
Enter relu_anonymous_interact_add
Enter relu_anonymous_interact_add S
Sent 471583 bytes
Received 58962 bytes
Read 640 weights:
Read 10 weights:
Total execution time: 9937 ms
Socket 4: Received 16761778 bytes, Sent 9432165 bytes
Total: 26193943 bytes
Server listening on port 8080
/
| Encryption parameters :
|   scheme: CKKS
|   poly_modulus_degree: 4096
|   coeff_modulus size: 100 (50 + 50) bits
\
Received 131138 bytes
Received 65611 bytes
Number of slots: 2048
========== init layer ================
Read 432 weights:
Read 16384 weights:
Enter relu_anonymous_interact
Enter relu_anonymous_interact S
Sent 353762 bytes
Received 943308 bytes
========== layer 1 ================
=== block 0 ===
Read 2304 weights:
Read 16384 weights:
Enter relu_anonymous_interact
Enter relu_anonymous_interact S
Sent 353753 bytes
Received 943222 bytes
Read 2304 weights:
Read 16384 weights:
Enter relu_anonymous_interact_add
Enter relu_anonymous_interact_add S
Sent 353760 bytes
Received 943083 bytes
=== block 1 ===
Read 2304 weights:
Read 16384 weights:
Enter relu_anonymous_interact
Enter relu_anonymous_interact S
Sent 353723 bytes
Received 943260 bytes
Read 2304 weights:
Read 16384 weights:
Enter relu_anonymous_interact_add
Enter relu_anonymous_interact_add S
Sent 353674 bytes
Received 943229 bytes
=== block 2 ===
Read 2304 weights:
Read 16384 weights:
Enter relu_anonymous_interact
Enter relu_anonymous_interact S
Sent 353765 bytes
Received 943232 bytes
Read 2304 weights:
Read 16384 weights:
Enter relu_anonymous_interact_add
Enter relu_anonymous_interact_add S
Sent 353680 bytes
Received 943298 bytes
Received 943179 bytes
========== layer 2 ================
=== block 0 ===
Read 4608 weights:
Read 32768 weights:
Enter relu_anonymous_interact
Enter relu_anonymous_interact S
Sent 648591 bytes
Received 648461 bytes
Read 9216 weights:
Read 8192 weights:
Read 512 weights:
Read 32768 weights:
Enter relu_anonymous_interact_add
Enter relu_anonymous_interact_add S
Sent 471626 bytes
Sent 471671 bytes
Received 648544 bytes
=== block 1 ===
Read 9216 weights:
Read 8192 weights:
Enter relu_anonymous_interact
Enter relu_anonymous_interact S
Sent 471607 bytes
Received 648456 bytes
Read 9216 weights:
Read 8192 weights:
Enter relu_anonymous_interact_add
Enter relu_anonymous_interact_add S
Sent 471574 bytes
Received 648424 bytes
=== block 2 ===
Read 9216 weights:
Read 8192 weights:
Enter relu_anonymous_interact
Enter relu_anonymous_interact S
Sent 471629 bytes
Received 648424 bytes
Read 9216 weights:
Read 8192 weights:
Enter relu_anonymous_interact_add
Enter relu_anonymous_interact_add S
Sent 471510 bytes
Received 943268 bytes
Received 943124 bytes
========== layer 3 ================
=== block 0 ===
Read 18432 weights:
Read 16384 weights:
Enter relu_anonymous_interact
Enter relu_anonymous_interact S
Sent 648433 bytes
Received 766426 bytes
Read 36864 weights:
Read 4096 weights:
Read 2048 weights:
Read 16384 weights:
Enter relu_anonymous_interact_add
Enter relu_anonymous_interact_add S
Sent 471525 bytes
Sent 471557 bytes
Received 766260 bytes
=== block 1 ===
Read 36864 weights:
Read 4096 weights:
Enter relu_anonymous_interact
Enter relu_anonymous_interact S
Sent 471633 bytes
Received 766170 bytes
Read 36864 weights:
Read 4096 weights:
Enter relu_anonymous_interact_add
Enter relu_anonymous_interact_add S
Sent 471585 bytes
Received 766353 bytes
=== block 2 ===
Read 36864 weights:
Read 4096 weights:
Enter relu_anonymous_interact
Enter relu_anonymous_interact S
Sent 471616 bytes
Received 766382 bytes
Read 36864 weights:
Read 4096 weights:
========== FC AVG ================
Enter relu_anonymous_interact_add
Enter relu_anonymous_interact_add S
Sent 471573 bytes
Received 58923 bytes
Read 640 weights:
Read 10 weights:
Total execution time: 10426 ms
Socket 4: Received 16761775 bytes, Sent 9432247 bytes
Total: 26194022 bytes
Server listening on port 8080
/
| Encryption parameters :
|   scheme: CKKS
|   poly_modulus_degree: 4096
|   coeff_modulus size: 100 (50 + 50) bits
\
Received 131138 bytes
Received 65611 bytes
Number of slots: 2048
========== init layer ================
Read 432 weights:
Read 16384 weights:
Enter relu_anonymous_interact
Enter relu_anonymous_interact S
Sent 353745 bytes
Received 943210 bytes
========== layer 1 ================
=== block 0 ===
Read 2304 weights:
Read 16384 weights:
Enter relu_anonymous_interact
Enter relu_anonymous_interact S
Sent 353684 bytes
Received 943158 bytes
Read 2304 weights:
Read 16384 weights:
Enter relu_anonymous_interact_add
Enter relu_anonymous_interact_add S
Sent 353673 bytes
Received 943139 bytes
=== block 1 ===
Read 2304 weights:
Read 16384 weights:
Enter relu_anonymous_interact
Enter relu_anonymous_interact S
Sent 353718 bytes
Received 943404 bytes
Read 2304 weights:
Read 16384 weights:
Enter relu_anonymous_interact_add
Enter relu_anonymous_interact_add S
Sent 353749 bytes
Received 943294 bytes
=== block 2 ===
Read 2304 weights:
Read 16384 weights:
Enter relu_anonymous_interact
Enter relu_anonymous_interact S
Sent 353708 bytes
Received 943150 bytes
Read 2304 weights:
Read 16384 weights:
Enter relu_anonymous_interact_add
Enter relu_anonymous_interact_add S
Sent 353756 bytes
Received 943172 bytes
Received 943277 bytes
========== layer 2 ================
=== block 0 ===
Read 4608 weights:
Read 32768 weights:
Enter relu_anonymous_interact
Enter relu_anonymous_interact S
Sent 648476 bytes
Received 648369 bytes
Read 9216 weights:
Read 8192 weights:
Read 512 weights:
Read 32768 weights:
Enter relu_anonymous_interact_add
Enter relu_anonymous_interact_add S
Sent 471695 bytes
Sent 471550 bytes
Received 648330 bytes
=== block 1 ===
Read 9216 weights:
Read 8192 weights:
Enter relu_anonymous_interact
Enter relu_anonymous_interact S
Sent 471664 bytes
Received 648532 bytes
Read 9216 weights:
Read 8192 weights:
Enter relu_anonymous_interact_add
Enter relu_anonymous_interact_add S
Sent 471692 bytes
Received 648526 bytes
=== block 2 ===
Read 9216 weights:
Read 8192 weights:
Enter relu_anonymous_interact
Enter relu_anonymous_interact S
Sent 471591 bytes
Received 648553 bytes
Read 9216 weights:
Read 8192 weights:
Enter relu_anonymous_interact_add
Enter relu_anonymous_interact_add S
Sent 471623 bytes
Received 943175 bytes
Received 943188 bytes
========== layer 3 ================
=== block 0 ===
Read 18432 weights:
Read 16384 weights:
Enter relu_anonymous_interact
Enter relu_anonymous_interact S
Sent 648470 bytes
Received 766348 bytes
Read 36864 weights:
Read 4096 weights:
Read 2048 weights:
Read 16384 weights:
Enter relu_anonymous_interact_add
Enter relu_anonymous_interact_add S
Sent 471603 bytes
Sent 471596 bytes
Received 766268 bytes
=== block 1 ===
Read 36864 weights:
Read 4096 weights:
Enter relu_anonymous_interact
Enter relu_anonymous_interact S
Sent 471596 bytes
Received 766375 bytes
Read 36864 weights:
Read 4096 weights:
Enter relu_anonymous_interact_add
Enter relu_anonymous_interact_add S
Sent 471558 bytes
Received 766409 bytes
=== block 2 ===
Read 36864 weights:
Read 4096 weights:
Enter relu_anonymous_interact
Enter relu_anonymous_interact S
Sent 471649 bytes
Received 766448 bytes
Read 36864 weights:
Read 4096 weights:
========== FC AVG ================
Enter relu_anonymous_interact_add
Enter relu_anonymous_interact_add S
Sent 471665 bytes
Received 59001 bytes
Read 640 weights:
Read 10 weights:
Total execution time: 9685 ms
Socket 4: Received 16762075 bytes, Sent 9432461 bytes
Total: 26194536 bytes
Server listening on port 8080
/
| Encryption parameters :
|   scheme: CKKS
|   poly_modulus_degree: 4096
|   coeff_modulus size: 100 (50 + 50) bits
\
Received 131138 bytes
Received 65611 bytes
Number of slots: 2048
========== init layer ================
Read 432 weights:
Read 16384 weights:
Enter relu_anonymous_interact
Enter relu_anonymous_interact S
Sent 353700 bytes
Received 943170 bytes
========== layer 1 ================
=== block 0 ===
Read 2304 weights:
Read 16384 weights:
Enter relu_anonymous_interact
Enter relu_anonymous_interact S
Sent 353688 bytes
Received 943362 bytes
Read 2304 weights:
Read 16384 weights:
Enter relu_anonymous_interact_add
Enter relu_anonymous_interact_add S
Sent 353741 bytes
Received 943163 bytes
=== block 1 ===
Read 2304 weights:
Read 16384 weights:
Enter relu_anonymous_interact
Enter relu_anonymous_interact S
Sent 353729 bytes
Received 943195 bytes
Read 2304 weights:
Read 16384 weights:
Enter relu_anonymous_interact_add
Enter relu_anonymous_interact_add S
Sent 353751 bytes
Received 943207 bytes
=== block 2 ===
Read 2304 weights:
Read 16384 weights:
Enter relu_anonymous_interact
Enter relu_anonymous_interact S
Sent 353778 bytes
Received 943293 bytes
Read 2304 weights:
Read 16384 weights:
Enter relu_anonymous_interact_add
Enter relu_anonymous_interact_add S
Sent 353752 bytes
Received 943248 bytes
Received 943281 bytes
========== layer 2 ================
=== block 0 ===
Read 4608 weights:
Read 32768 weights:
Enter relu_anonymous_interact
Enter relu_anonymous_interact S
Sent 648413 bytes
Received 648523 bytes
Read 9216 weights:
Read 8192 weights:
Read 512 weights:
Read 32768 weights:
Enter relu_anonymous_interact_add
Enter relu_anonymous_interact_add S
Sent 471603 bytes
Sent 471559 bytes
Received 648500 bytes
=== block 1 ===
Read 9216 weights:
Read 8192 weights:
Enter relu_anonymous_interact
Enter relu_anonymous_interact S
Sent 471655 bytes
Received 648420 bytes
Read 9216 weights:
Read 8192 weights:
Enter relu_anonymous_interact_add
Enter relu_anonymous_interact_add S
Sent 471659 bytes
Received 648393 bytes
=== block 2 ===
Read 9216 weights:
Read 8192 weights:
Enter relu_anonymous_interact
Enter relu_anonymous_interact S
Sent 471607 bytes
Received 648461 bytes
Read 9216 weights:
Read 8192 weights:
Enter relu_anonymous_interact_add
Enter relu_anonymous_interact_add S
Sent 471615 bytes
Received 943127 bytes
Received 943085 bytes
========== layer 3 ================
=== block 0 ===
Read 18432 weights:
Read 16384 weights:
Enter relu_anonymous_interact
Enter relu_anonymous_interact S
Sent 648501 bytes
Received 766425 bytes
Read 36864 weights:
Read 4096 weights:
Read 2048 weights:
Read 16384 weights:
Enter relu_anonymous_interact_add
Enter relu_anonymous_interact_add S
Sent 471633 bytes
Sent 471543 bytes
Received 766360 bytes
=== block 1 ===
Read 36864 weights:
Read 4096 weights:
Enter relu_anonymous_interact
Enter relu_anonymous_interact S
Sent 471614 bytes
Received 766324 bytes
Read 36864 weights:
Read 4096 weights:
Enter relu_anonymous_interact_add
Enter relu_anonymous_interact_add S
Sent 471629 bytes
Received 766267 bytes
=== block 2 ===
Read 36864 weights:
Read 4096 weights:
Enter relu_anonymous_interact
Enter relu_anonymous_interact S
Sent 471663 bytes
Received 766441 bytes
Read 36864 weights:
Read 4096 weights:
========== FC AVG ================
Enter relu_anonymous_interact_add
Enter relu_anonymous_interact_add S
Sent 471643 bytes
Received 58998 bytes
Read 640 weights:
Read 10 weights:
Total execution time: 10043 ms
Socket 4: Received 16761992 bytes, Sent 9432476 bytes
Total: 26194468 bytes
Server listening on port 8080
/
| Encryption parameters :
|   scheme: CKKS
|   poly_modulus_degree: 4096
|   coeff_modulus size: 100 (50 + 50) bits
\
Received 131138 bytes
Received 65611 bytes
Number of slots: 2048
========== init layer ================
Read 432 weights:
Read 16384 weights:
Enter relu_anonymous_interact
Enter relu_anonymous_interact S
Sent 353676 bytes
Received 943228 bytes
========== layer 1 ================
=== block 0 ===
Read 2304 weights:
Read 16384 weights:
Enter relu_anonymous_interact
Enter relu_anonymous_interact S
Sent 353766 bytes
Received 943209 bytes
Read 2304 weights:
Read 16384 weights:
Enter relu_anonymous_interact_add
Enter relu_anonymous_interact_add S
Sent 353754 bytes
Received 943189 bytes
=== block 1 ===
Read 2304 weights:
Read 16384 weights:
Enter relu_anonymous_interact
Enter relu_anonymous_interact S
Sent 353794 bytes
Received 943116 bytes
Read 2304 weights:
Read 16384 weights:
Enter relu_anonymous_interact_add
Enter relu_anonymous_interact_add S
Sent 353697 bytes
Received 943212 bytes
=== block 2 ===
Read 2304 weights:
Read 16384 weights:
Enter relu_anonymous_interact
Enter relu_anonymous_interact S
Sent 353663 bytes
Received 943171 bytes
Read 2304 weights:
Read 16384 weights:
Enter relu_anonymous_interact_add
Enter relu_anonymous_interact_add S
Sent 353732 bytes
Received 943289 bytes
Received 942997 bytes
========== layer 2 ================
=== block 0 ===
Read 4608 weights:
Read 32768 weights:
Enter relu_anonymous_interact
Enter relu_anonymous_interact S
Sent 648573 bytes
Received 648573 bytes
Read 9216 weights:
Read 8192 weights:
Read 512 weights:
Read 32768 weights:
Enter relu_anonymous_interact_add
Enter relu_anonymous_interact_add S
Sent 471567 bytes
Sent 471592 bytes
Received 648536 bytes
=== block 1 ===
Read 9216 weights:
Read 8192 weights:
Enter relu_anonymous_interact
Enter relu_anonymous_interact S
Sent 471577 bytes
Received 648567 bytes
Read 9216 weights:
Read 8192 weights:
Enter relu_anonymous_interact_add
Enter relu_anonymous_interact_add S
Sent 471618 bytes
Received 648523 bytes
=== block 2 ===
Read 9216 weights:
Read 8192 weights:
Enter relu_anonymous_interact
Enter relu_anonymous_interact S
Sent 471546 bytes
Received 648529 bytes
Read 9216 weights:
Read 8192 weights:
Enter relu_anonymous_interact_add
Enter relu_anonymous_interact_add S
Sent 471582 bytes
Received 943253 bytes
Received 943165 bytes
========== layer 3 ================
=== block 0 ===
Read 18432 weights:
Read 16384 weights:
Enter relu_anonymous_interact
Enter relu_anonymous_interact S
Sent 648525 bytes
Received 766356 bytes
Read 36864 weights:
Read 4096 weights:
Read 2048 weights:
Read 16384 weights:
Enter relu_anonymous_interact_add
Enter relu_anonymous_interact_add S
Sent 471531 bytes
Sent 471623 bytes
Received 766360 bytes
=== block 1 ===
Read 36864 weights:
Read 4096 weights:
Enter relu_anonymous_interact
Enter relu_anonymous_interact S
Sent 471545 bytes
Received 766484 bytes
Read 36864 weights:
Read 4096 weights:
Enter relu_anonymous_interact_add
Enter relu_anonymous_interact_add S
Sent 471605 bytes
Received 766410 bytes
=== block 2 ===
Read 36864 weights:
Read 4096 weights:
Enter relu_anonymous_interact
Enter relu_anonymous_interact S
Sent 471610 bytes
Received 766421 bytes
Read 36864 weights:
Read 4096 weights:
========== FC AVG ================
Enter relu_anonymous_interact_add
Enter relu_anonymous_interact_add S
Sent 471578 bytes
Received 58984 bytes
Read 640 weights:
Read 10 weights:
Total execution time: 10461 ms
Socket 4: Received 16762321 bytes, Sent 9432154 bytes
Total: 26194475 bytes
Server listening on port 8080
/
| Encryption parameters :
|   scheme: CKKS
|   poly_modulus_degree: 4096
|   coeff_modulus size: 100 (50 + 50) bits
\
Received 131138 bytes
Received 65611 bytes
Number of slots: 2048
========== init layer ================
Read 432 weights:
Read 16384 weights:
Enter relu_anonymous_interact
Enter relu_anonymous_interact S
Sent 353692 bytes
Received 943219 bytes
========== layer 1 ================
=== block 0 ===
Read 2304 weights:
Read 16384 weights:
Enter relu_anonymous_interact
Enter relu_anonymous_interact S
Sent 353732 bytes
Received 943129 bytes
Read 2304 weights:
Read 16384 weights:
Enter relu_anonymous_interact_add
Enter relu_anonymous_interact_add S
Sent 353693 bytes
Received 943206 bytes
=== block 1 ===
Read 2304 weights:
Read 16384 weights:
Enter relu_anonymous_interact
Enter relu_anonymous_interact S
Sent 353695 bytes
Received 943240 bytes
Read 2304 weights:
Read 16384 weights:
Enter relu_anonymous_interact_add
Enter relu_anonymous_interact_add S
Sent 353657 bytes
Received 943235 bytes
=== block 2 ===
Read 2304 weights:
Read 16384 weights:
Enter relu_anonymous_interact
Enter relu_anonymous_interact S
Sent 353718 bytes
Received 943335 bytes
Read 2304 weights:
Read 16384 weights:
Enter relu_anonymous_interact_add
Enter relu_anonymous_interact_add S
Sent 353694 bytes
Received 943276 bytes
Received 943181 bytes
========== layer 2 ================
=== block 0 ===
Read 4608 weights:
Read 32768 weights:
Enter relu_anonymous_interact
Enter relu_anonymous_interact S
Sent 648357 bytes
Received 648540 bytes
Read 9216 weights:
Read 8192 weights:
Read 512 weights:
Read 32768 weights:
Enter relu_anonymous_interact_add
Enter relu_anonymous_interact_add S
Sent 471583 bytes
Sent 471579 bytes
Received 648530 bytes
=== block 1 ===
Read 9216 weights:
Read 8192 weights:
Enter relu_anonymous_interact
Enter relu_anonymous_interact S
Sent 471629 bytes
Received 648489 bytes
Read 9216 weights:
Read 8192 weights:
Enter relu_anonymous_interact_add
Enter relu_anonymous_interact_add S
Sent 471437 bytes
Received 648414 bytes
=== block 2 ===
Read 9216 weights:
Read 8192 weights:
Enter relu_anonymous_interact
Enter relu_anonymous_interact S
Sent 471567 bytes
Received 648439 bytes
Read 9216 weights:
Read 8192 weights:
Enter relu_anonymous_interact_add
Enter relu_anonymous_interact_add S
Sent 471543 bytes
Received 943182 bytes
Received 943274 bytes
========== layer 3 ================
=== block 0 ===
Read 18432 weights:
Read 16384 weights:
Enter relu_anonymous_interact
Enter relu_anonymous_interact S
Sent 648450 bytes
Received 766455 bytes
Read 36864 weights:
Read 4096 weights:
Read 2048 weights:
Read 16384 weights:
Enter relu_anonymous_interact_add
Enter relu_anonymous_interact_add S
Sent 471544 bytes
Sent 471650 bytes
Received 766380 bytes
=== block 1 ===
Read 36864 weights:
Read 4096 weights:
Enter relu_anonymous_interact
Enter relu_anonymous_interact S
Sent 471546 bytes
Received 766308 bytes
Read 36864 weights:
Read 4096 weights:
Enter relu_anonymous_interact_add
Enter relu_anonymous_interact_add S
Sent 471670 bytes
Received 766349 bytes
=== block 2 ===
Read 36864 weights:
Read 4096 weights:
Enter relu_anonymous_interact
Enter relu_anonymous_interact S
Sent 471582 bytes
Received 766306 bytes
Read 36864 weights:
Read 4096 weights:
========== FC AVG ================
Enter relu_anonymous_interact_add
Enter relu_anonymous_interact_add S
Sent 471630 bytes
Received 58941 bytes
Read 640 weights:
Read 10 weights:
Total execution time: 10081 ms
Socket 4: Received 16762177 bytes, Sent 9431648 bytes
Total: 26193825 bytes
