
Server listening on port 8080
/
| Encryption parameters :
|   scheme: CKKS
|   poly_modulus_degree: 4096
|   coeff_modulus size: 100 (50 + 50) bits
\
Received 131138 bytes
Received 65611 bytes
Number of slots: 2048
========== init layer ================
Read 432 weights:
Read 16384 weights:
Enter relu_anonymous_interact
Enter relu_anonymous_interact S
Sent 353752 bytes
Received 943180 bytes
========== layer 1 ================
=== block 0 ===
Read 2304 weights:
Read 16384 weights:
Enter relu_anonymous_interact
Enter relu_anonymous_interact S
Sent 353812 bytes
Received 943191 bytes
Read 2304 weights:
Read 16384 weights:
Enter relu_anonymous_interact_add
Enter relu_anonymous_interact_add S
Sent 353732 bytes
Received 943181 bytes
=== block 1 ===
Read 2304 weights:
Read 16384 weights:
Enter relu_anonymous_interact
Enter relu_anonymous_interact S
Sent 353662 bytes
Received 943210 bytes
Read 2304 weights:
Read 16384 weights:
Enter relu_anonymous_interact_add
Enter relu_anonymous_interact_add S
Sent 353701 bytes
Received 943168 bytes
=== block 2 ===
Read 2304 weights:
Read 16384 weights:
Enter relu_anonymous_interact
Enter relu_anonymous_interact S
Sent 353760 bytes
Received 943213 bytes
Read 2304 weights:
Read 16384 weights:
Enter relu_anonymous_interact_add
Enter relu_anonymous_interact_add S
Sent 353676 bytes
Received 943207 bytes
Received 943177 bytes
========== layer 2 ================
=== block 0 ===
Read 4608 weights:
Read 32768 weights:
Enter relu_anonymous_interact
Enter relu_anonymous_interact S
Sent 648493 bytes
Received 648442 bytes
Read 9216 weights:
Read 8192 weights:
Read 512 weights:
Read 32768 weights:
Enter relu_anonymous_interact_add
Enter relu_anonymous_interact_add S
Sent 471598 bytes
Sent 471486 bytes
Received 648521 bytes
=== block 1 ===
Read 9216 weights:
Read 8192 weights:
Enter relu_anonymous_interact
Enter relu_anonymous_interact S
Sent 471550 bytes
Received 648459 bytes
Read 9216 weights:
Read 8192 weights:
Enter relu_anonymous_interact_add
Enter relu_anonymous_interact_add S
Sent 471641 bytes
Received 648537 bytes
=== block 2 ===
Read 9216 weights:
Read 8192 weights:
Enter relu_anonymous_interact
Enter relu_anonymous_interact S
Sent 471640 bytes
Received 648492 bytes
Read 9216 weights:
Read 8192 weights:
Enter relu_anonymous_interact_add
Enter relu_anonymous_interact_add S
Sent 471576 bytes
Received 943130 bytes
Received 943290 bytes
========== layer 3 ================
=== block 0 ===
Read 18432 weights:
Read 16384 weights:
Enter relu_anonymous_interact
Enter relu_anonymous_interact S
Sent 648423 bytes
Received 766289 bytes
Read 36864 weights:
Read 4096 weights:
Read 2048 weights:
Read 16384 weights:
Enter relu_anonymous_interact_add
Enter relu_anonymous_interact_add S
Sent 471578 bytes
Sent 471651 bytes
Received 766363 bytes
=== block 1 ===
Read 36864 weights:
Read 4096 weights:
Enter relu_anonymous_interact
Enter relu_anonymous_interact S
Sent 471645 bytes
Received 766433 bytes
Read 36864 weights:
Read 4096 weights:
Enter relu_anonymous_interact_add
Enter relu_anonymous_interact_add S
Sent 471602 bytes
Received 766401 bytes
=== block 2 ===
Read 36864 weights:
Read 4096 weights:
Enter relu_anonymous_interact
Enter relu_anonymous_interact S
Sent 471699 bytes
Received 766233 bytes
Read 36864 weights:
Read 4096 weights:
========== FC AVG ================
Enter relu_anonymous_interact_add
Enter relu_anonymous_interact_add S
Sent 471619 bytes
Received 58980 bytes
Read 640 weights:
Read 10 weights:
Total execution time: 9882 ms
Socket 4: Received 16761846 bytes, Sent 9432296 bytes
Total: 26194142 bytes
Server listening on port 8080
/
| Encryption parameters :
|   scheme: CKKS
|   poly_modulus_degree: 4096
|   coeff_modulus size: 100 (50 + 50) bits
\
Received 131138 bytes
Received 65611 bytes
Number of slots: 2048
========== init layer ================
Read 432 weights:
Read 16384 weights:
Enter relu_anonymous_interact
Enter relu_anonymous_interact S
Sent 353707 bytes
Received 943250 bytes
========== layer 1 ================
=== block 0 ===
Read 2304 weights:
Read 16384 weights:
Enter relu_anonymous_interact
Enter relu_anonymous_interact S
Sent 353666 bytes
Received 943354 bytes
Read 2304 weights:
Read 16384 weights:
Enter relu_anonymous_interact_add
Enter relu_anonymous_interact_add S
Sent 353736 bytes
Received 943311 bytes
=== block 1 ===
Read 2304 weights:
Read 16384 weights:
Enter relu_anonymous_interact
Enter relu_anonymous_interact S
Sent 353735 bytes
Received 943250 bytes
Read 2304 weights:
Read 16384 weights:
Enter relu_anonymous_interact_add
Enter relu_anonymous_interact_add S
Sent 353688 bytes
Received 943242 bytes
=== block 2 ===
Read 2304 weights:
Read 16384 weights:
Enter relu_anonymous_interact
Enter relu_anonymous_interact S
Sent 353646 bytes
Received 943187 bytes
Read 2304 weights:
Read 16384 weights:
Enter relu_anonymous_interact_add
Enter relu_anonymous_interact_add S
Sent 353742 bytes
Received 943246 bytes
Received 943161 bytes
========== layer 2 ================
=== block 0 ===
Read 4608 weights:
Read 32768 weights:
Enter relu_anonymous_interact
Enter relu_anonymous_interact S
Sent 648429 bytes
Received 648435 bytes
Read 9216 weights:
Read 8192 weights:
Read 512 weights:
Read 32768 weights:
Enter relu_anonymous_interact_add
Enter relu_anonymous_interact_add S
Sent 471637 bytes
Sent 471591 bytes
Received 648333 bytes
=== block 1 ===
Read 9216 weights:
Read 8192 weights:
Enter relu_anonymous_interact
Enter relu_anonymous_interact S
Sent 471657 bytes
Received 648538 bytes
Read 9216 weights:
Read 8192 weights:
Enter relu_anonymous_interact_add
Enter relu_anonymous_interact_add S
Sent 471642 bytes
Received 648513 bytes
=== block 2 ===
Read 9216 weights:
Read 8192 weights:
Enter relu_anonymous_interact
Enter relu_anonymous_interact S
Sent 471647 bytes
Received 648452 bytes
Read 9216 weights:
Read 8192 weights:
Enter relu_anonymous_interact_add
Enter relu_anonymous_interact_add S
Sent 471600 bytes
Received 943215 bytes
Received 943169 bytes
========== layer 3 ================
=== block 0 ===
Read 18432 weights:
Read 16384 weights:
Enter relu_anonymous_interact
Enter relu_anonymous_interact S
Sent 648519 bytes
Received 766351 bytes
Read 36864 weights:
Read 4096 weights:
Read 2048 weights:
Read 16384 weights:
Enter relu_anonymous_interact_add
Enter relu_anonymous_interact_add S
Sent 471578 bytes
Sent 471657 bytes
Received 766420 bytes
=== block 1 ===
Read 36864 weights:
Read 4096 weights:
Enter relu_anonymous_interact
Enter relu_anonymous_interact S
Sent 471561 bytes
Received 766235 bytes
Read 36864 weights:
Read 4096 weights:
Enter relu_anonymous_interact_add
Enter relu_anonymous_interact_add S
Sent 471624 bytes
Received 766339 bytes
=== block 2 ===
Read 36864 weights:
Read 4096 weights:
Enter relu_anonymous_interact
Enter relu_anonymous_interact S
Sent 471590 bytes
Received 766250 bytes
Read 36864 weights:
Read 4096 weights:
========== FC AVG ================
Enter relu_anonymous_interact_add
Enter relu_anonymous_interact_add S
Sent 471583 bytes
Received 58913 bytes
Read 640 weights:
Read 10 weights:
Total execution time: 9885 ms
Socket 4: Received 16761913 bytes, Sent 9432235 bytes
Total: 26194148 bytes
Server listening on port 8080
/
| Encryption parameters :
|   scheme: CKKS
|   poly_modulus_degree: 4096
|   coeff_modulus size: 100 (50 + 50) bits
\
Received 131138 bytes
Received 65611 bytes
Number of slots: 2048
========== init layer ================
Read 432 weights:
Read 16384 weights:
Enter relu_anonymous_interact
Enter relu_anonymous_interact S
Sent 353649 bytes
Received 943127 bytes
========== layer 1 ================
=== block 0 ===
Read 2304 weights:
Read 16384 weights:
Enter relu_anonymous_interact
Enter relu_anonymous_interact S
Sent 353691 bytes
Received 943183 bytes
Read 2304 weights:
Read 16384 weights:
Enter relu_anonymous_interact_add
Enter relu_anonymous_interact_add S
Sent 353667 bytes
Received 943185 bytes
=== block 1 ===
Read 2304 weights:
Read 16384 weights:
Enter relu_anonymous_interact
Enter relu_anonymous_interact S
Sent 353737 bytes
Received 943209 bytes
Read 2304 weights:
Read 16384 weights:
Enter relu_anonymous_interact_add
Enter relu_anonymous_interact_add S
Sent 353806 bytes
Received 943341 bytes
=== block 2 ===
Read 2304 weights:
Read 16384 weights:
Enter relu_anonymous_interact
Enter relu_anonymous_interact S
Sent 353663 bytes
Received 943222 bytes
Read 2304 weights:
Read 16384 weights:
Enter relu_anonymous_interact_add
Enter relu_anonymous_interact_add S
Sent 353705 bytes
Received 943217 bytes
Received 943113 bytes
========== layer 2 ================
=== block 0 ===
Read 4608 weights:
Read 32768 weights:
Enter relu_anonymous_interact
Enter relu_anonymous_interact S
Sent 648448 bytes
Received 648481 bytes
Read 9216 weights:
Read 8192 weights:
Read 512 weights:
Read 32768 weights:
Enter relu_anonymous_interact_add
Enter relu_anonymous_interact_add S
Sent 471587 bytes
Sent 471606 bytes
Received 648512 bytes
=== block 1 ===
Read 9216 weights:
Read 8192 weights:
Enter relu_anonymous_interact
Enter relu_anonymous_interact S
Sent 471666 bytes
Received 648432 bytes
Read 9216 weights:
Read 8192 weights:
Enter relu_anonymous_interact_add
Enter relu_anonymous_interact_add S
Sent 471562 bytes
Received 648452 bytes
=== block 2 ===
Read 9216 weights:
Read 8192 weights:
Enter relu_anonymous_interact
Enter relu_anonymous_interact S
Sent 471569 bytes
Received 648501 bytes
Read 9216 weights:
Read 8192 weights:
Enter relu_anonymous_interact_add
Enter relu_anonymous_interact_add S
Sent 471580 bytes
Received 943208 bytes
Received 943191 bytes
========== layer 3 ================
=== block 0 ===
Read 18432 weights:
Read 16384 weights:
Enter relu_anonymous_interact
Enter relu_anonymous_interact S
Sent 648409 bytes
Received 766294 bytes
Read 36864 weights:
Read 4096 weights:
Read 2048 weights:
Read 16384 weights:
Enter relu_anonymous_interact_add
Enter relu_anonymous_interact_add S
Sent 471675 bytes
Sent 471514 bytes
Received 766344 bytes
=== block 1 ===
Read 36864 weights:
Read 4096 weights:
Enter relu_anonymous_interact
Enter relu_anonymous_interact S
Sent 471662 bytes
Received 766267 bytes
Read 36864 weights:
Read 4096 weights:
Enter relu_anonymous_interact_add
Enter relu_anonymous_interact_add S
Sent 471567 bytes
Received 766435 bytes
=== block 2 ===
Read 36864 weights:
Read 4096 weights:
Enter relu_anonymous_interact
Enter relu_anonymous_interact S
Sent 471583 bytes
Received 766267 bytes
Read 36864 weights:
Read 4096 weights:
========== FC AVG ================
Enter relu_anonymous_interact_add
Enter relu_anonymous_interact_add S
Sent 471736 bytes
Received 58982 bytes
Read 640 weights:
Read 10 weights:
Total execution time: 9453 ms
Socket 4: Received 16761712 bytes, Sent 9432082 bytes
Total: 26193794 bytes
Server listening on port 8080
/
| Encryption parameters :
|   scheme: CKKS
|   poly_modulus_degree: 4096
|   coeff_modulus size: 100 (50 + 50) bits
\
Received 131138 bytes
Received 65611 bytes
Number of slots: 2048
========== init layer ================
Read 432 weights:
Read 16384 weights:
Enter relu_anonymous_interact
Enter relu_anonymous_interact S
Sent 353787 bytes
Received 943233 bytes
========== layer 1 ================
=== block 0 ===
Read 2304 weights:
Read 16384 weights:
Enter relu_anonymous_interact
Enter relu_anonymous_interact S
Sent 353717 bytes
Received 943274 bytes
Read 2304 weights:
Read 16384 weights:
Enter relu_anonymous_interact_add
Enter relu_anonymous_interact_add S
Sent 353684 bytes
Received 943147 bytes
=== block 1 ===
Read 2304 weights:
Read 16384 weights:
Enter relu_anonymous_interact
Enter relu_anonymous_interact S
Sent 353681 bytes
Received 943250 bytes
Read 2304 weights:
Read 16384 weights:
Enter relu_anonymous_interact_add
Enter relu_anonymous_interact_add S
Sent 353679 bytes
Received 943074 bytes
=== block 2 ===
Read 2304 weights:
Read 16384 weights:
Enter relu_anonymous_interact
Enter relu_anonymous_interact S
Sent 353728 bytes
Received 943340 bytes
Read 2304 weights:
Read 16384 weights:
Enter relu_anonymous_interact_add
Enter relu_anonymous_interact_add S
Sent 353684 bytes
Received 943293 bytes
Received 943298 bytes
========== layer 2 ================
=== block 0 ===
Read 4608 weights:
Read 32768 weights:
Enter relu_anonymous_interact
Enter relu_anonymous_interact S
Sent 648447 bytes
Received 648433 bytes
Read 9216 weights:
Read 8192 weights:
Read 512 weights:
Read 32768 weights:
Enter relu_anonymous_interact_add
Enter relu_anonymous_interact_add S
Sent 471604 bytes
Sent 471640 bytes
Received 648415 bytes
=== block 1 ===
Read 9216 weights:
Read 8192 weights:
Enter relu_anonymous_interact
Enter relu_anonymous_interact S
Sent 471596 bytes
Received 648523 bytes
Read 9216 weights:
Read 8192 weights:
Enter relu_anonymous_interact_add
Enter relu_anonymous_interact_add S
Sent 471647 bytes
Received 648524 bytes
=== block 2 ===
Read 9216 weights:
Read 8192 weights:
Enter relu_anonymous_interact
Enter relu_anonymous_interact S
Sent 471660 bytes
Received 648483 bytes
Read 9216 weights:
Read 8192 weights:
Enter relu_anonymous_interact_add
Enter relu_anonymous_interact_add S
Sent 471610 bytes
Received 943270 bytes
Received 943246 bytes
========== layer 3 ================
=== block 0 ===
Read 18432 weights:
Read 16384 weights:
Enter relu_anonymous_interact
Enter relu_anonymous_interact S
Sent 648377 bytes
Received 766374 bytes
Read 36864 weights:
Read 4096 weights:
Read 2048 weights:
Read 16384 weights:
Enter relu_anonymous_interact_add
Enter relu_anonymous_interact_add S
Sent 471547 bytes
Sent 471544 bytes
Received 766443 bytes
=== block 1 ===
Read 36864 weights:
Read 4096 weights:
Enter relu_anonymous_interact
Enter relu_anonymous_interact S
Sent 471513 bytes
Received 766322 bytes
Read 36864 weights:
Read 4096 weights:
Enter relu_anonymous_interact_add
Enter relu_anonymous_interact_add S
Sent 471643 bytes
Received 766261 bytes
=== block 2 ===
Read 36864 weights:
Read 4096 weights:
Enter relu_anonymous_interact
Enter relu_anonymous_interact S
Sent 471638 bytes
Received 766474 bytes
Read 36864 weights:
Read 4096 weights:
========== FC AVG ================
Enter relu_anonymous_interact_add
Enter relu_anonymous_interact_add S
Sent 471560 bytes
Received 58990 bytes
Read 640 weights:
Read 10 weights:
Total execution time: 9426 ms
Socket 4: Received 16762416 bytes, Sent 9431986 bytes
Total: 26194402 bytes
Server listening on port 8080
/
| Encryption parameters :
|   scheme: CKKS
|   poly_modulus_degree: 4096
|   coeff_modulus size: 100 (50 + 50) bits
\
Received 131138 bytes
Received 65611 bytes
Number of slots: 2048
========== init layer ================
Read 432 weights:
Read 16384 weights:
Enter relu_anonymous_interact
Enter relu_anonymous_interact S
Sent 353706 bytes
Received 943200 bytes
========== layer 1 ================
=== block 0 ===
Read 2304 weights:
Read 16384 weights:
Enter relu_anonymous_interact
Enter relu_anonymous_interact S
Sent 353768 bytes
Received 943324 bytes
Read 2304 weights:
Read 16384 weights:
Enter relu_anonymous_interact_add
Enter relu_anonymous_interact_add S
Sent 353733 bytes
Received 943111 bytes
=== block 1 ===
Read 2304 weights:
Read 16384 weights:
Enter relu_anonymous_interact
Enter relu_anonymous_interact S
Sent 353719 bytes
Received 943163 bytes
Read 2304 weights:
Read 16384 weights:
Enter relu_anonymous_interact_add
Enter relu_anonymous_interact_add S
Sent 353794 bytes
Received 943068 bytes
=== block 2 ===
Read 2304 weights:
Read 16384 weights:
Enter relu_anonymous_interact
Enter relu_anonymous_interact S
Sent 353713 bytes
Received 943167 bytes
Read 2304 weights:
Read 16384 weights:
Enter relu_anonymous_interact_add
Enter relu_anonymous_interact_add S
Sent 353786 bytes
Received 943091 bytes
Received 943277 bytes
========== layer 2 ================
=== block 0 ===
Read 4608 weights:
Read 32768 weights:
Enter relu_anonymous_interact
Enter relu_anonymous_interact S
Sent 648517 bytes
Received 648459 bytes
Read 9216 weights:
Read 8192 weights:
Read 512 weights:
Read 32768 weights:
Enter relu_anonymous_interact_add
Enter relu_anonymous_interact_add S
Sent 471676 bytes
Sent 471650 bytes
Received 648506 bytes
=== block 1 ===
Read 9216 weights:
Read 8192 weights:
Enter relu_anonymous_interact
Enter relu_anonymous_interact S
Sent 471588 bytes
Received 648514 bytes
Read 9216 weights:
Read 8192 weights:
Enter relu_anonymous_interact_add
Enter relu_anonymous_interact_add S
Sent 471620 bytes
Received 648462 bytes
=== block 2 ===
Read 9216 weights:
Read 8192 weights:
Enter relu_anonymous_interact
Enter relu_anonymous_interact S
Sent 471557 bytes
Received 648460 bytes
Read 9216 weights:
Read 8192 weights:
Enter relu_anonymous_interact_add
Enter relu_anonymous_interact_add S
Sent 471646 bytes
Received 943213 bytes
Received 943117 bytes
========== layer 3 ================
=== block 0 ===
Read 18432 weights:
Read 16384 weights:
Enter relu_anonymous_interact
Enter relu_anonymous_interact S
Sent 648639 bytes
Received 766406 bytes
Read 36864 weights:
Read 4096 weights:
Read 2048 weights:
Read 16384 weights:
Enter relu_anonymous_interact_add
Enter relu_anonymous_interact_add S
Sent 471563 bytes
Sent 471518 bytes
Received 766459 bytes
=== block 1 ===
Read 36864 weights:
Read 4096 weights:
Enter relu_anonymous_interact
Enter relu_anonymous_interact S
Sent 471635 bytes
Received 766440 bytes
Read 36864 weights:
Read 4096 weights:
Enter relu_anonymous_interact_add
Enter relu_anonymous_interact_add S
Sent 471610 bytes
Received 766470 bytes
=== block 2 ===
Read 36864 weights:
Read 4096 weights:
Enter relu_anonymous_interact
Enter relu_anonymous_interact S
Sent 471637 bytes
Received 766390 bytes
Read 36864 weights:
Read 4096 weights:
========== FC AVG ================
Enter relu_anonymous_interact_add
Enter relu_anonymous_interact_add S
Sent 471677 bytes
Received 58972 bytes
Read 640 weights:
Read 10 weights:
Total execution time: 9076 ms
Socket 4: Received 16762018 bytes, Sent 9432752 bytes
Total: 26194770 bytes
Server listening on port 8080
/
| Encryption parameters :
|   scheme: CKKS
|   poly_modulus_degree: 4096
|   coeff_modulus size: 100 (50 + 50) bits
\
Received 131138 bytes
Received 65611 bytes
Number of slots: 2048
========== init layer ================
Read 432 weights:
Read 16384 weights:
Enter relu_anonymous_interact
Enter relu_anonymous_interact S
Sent 353677 bytes
Received 943241 bytes
========== layer 1 ================
=== block 0 ===
Read 2304 weights:
Read 16384 weights:
Enter relu_anonymous_interact
Enter relu_anonymous_interact S
Sent 353713 bytes
Received 943250 bytes
Read 2304 weights:
Read 16384 weights:
Enter relu_anonymous_interact_add
Enter relu_anonymous_interact_add S
Sent 353708 bytes
Received 943167 bytes
=== block 1 ===
Read 2304 weights:
Read 16384 weights:
Enter relu_anonymous_interact
Enter relu_anonymous_interact S
Sent 353716 bytes
Received 943251 bytes
Read 2304 weights:
Read 16384 weights:
Enter relu_anonymous_interact_add
Enter relu_anonymous_interact_add S
Sent 353740 bytes
Received 943244 bytes
=== block 2 ===
Read 2304 weights:
Read 16384 weights:
Enter relu_anonymous_interact
Enter relu_anonymous_interact S
Sent 353692 bytes
Received 943169 bytes
Read 2304 weights:
Read 16384 weights:
Enter relu_anonymous_interact_add
Enter relu_anonymous_interact_add S
Sent 353719 bytes
Received 943102 bytes
Received 943228 bytes
========== layer 2 ================
=== block 0 ===
Read 4608 weights:
Read 32768 weights:
Enter relu_anonymous_interact
Enter relu_anonymous_interact S
Sent 648435 bytes
Received 648346 bytes
Read 9216 weights:
Read 8192 weights:
Read 512 weights:
Read 32768 weights:
Enter relu_anonymous_interact_add
Enter relu_anonymous_interact_add S
Sent 471571 bytes
Sent 471636 bytes
Received 648361 bytes
=== block 1 ===
Read 9216 weights:
Read 8192 weights:
Enter relu_anonymous_interact
Enter relu_anonymous_interact S
Sent 471554 bytes
Received 648549 bytes
Read 9216 weights:
Read 8192 weights:
Enter relu_anonymous_interact_add
Enter relu_anonymous_interact_add S
Sent 471574 bytes
Received 648395 bytes
=== block 2 ===
Read 9216 weights:
Read 8192 weights:
Enter relu_anonymous_interact
Enter relu_anonymous_interact S
Sent 471706 bytes
Received 648469 bytes
Read 9216 weights:
Read 8192 weights:
Enter relu_anonymous_interact_add
Enter relu_anonymous_interact_add S
Sent 471600 bytes
Received 943155 bytes
Received 943247 bytes
========== layer 3 ================
=== block 0 ===
Read 18432 weights:
Read 16384 weights:
Enter relu_anonymous_interact
Enter relu_anonymous_interact S
Sent 648388 bytes
Received 766374 bytes
Read 36864 weights:
Read 4096 weights:
Read 2048 weights:
Read 16384 weights:
Enter relu_anonymous_interact_add
Enter relu_anonymous_interact_add S
Sent 471615 bytes
Sent 471593 bytes
Received 766428 bytes
=== block 1 ===
Read 36864 weights:
Read 4096 weights:
Enter relu_anonymous_interact
Enter relu_anonymous_interact S
Sent 471586 bytes
Received 766344 bytes
Read 36864 weights:
Read 4096 weights:
Enter relu_anonymous_interact_add
Enter relu_anonymous_interact_add S
Sent 471566 bytes
Received 766348 bytes
=== block 2 ===
Read 36864 weights:
Read 4096 weights:
Enter relu_anonymous_interact
Enter relu_anonymous_interact S
Sent 471581 bytes
Received 766361 bytes
Read 36864 weights:
Read 4096 weights:
========== FC AVG ================
Enter relu_anonymous_interact_add
Enter relu_anonymous_interact_add S
Sent 471598 bytes
Received 58963 bytes
Read 640 weights:
Read 10 weights:
Total execution time: 9734 ms
Socket 4: Received 16761741 bytes, Sent 9431968 bytes
Total: 26193709 bytes
Server listening on port 8080
/
| Encryption parameters :
|   scheme: CKKS
|   poly_modulus_degree: 4096
|   coeff_modulus size: 100 (50 + 50) bits
\
Received 131138 bytes
Received 65611 bytes
Number of slots: 2048
========== init layer ================
Read 432 weights:
Read 16384 weights:
Enter relu_anonymous_interact
Enter relu_anonymous_interact S
Sent 353706 bytes
Received 943117 bytes
========== layer 1 ================
=== block 0 ===
Read 2304 weights:
Read 16384 weights:
Enter relu_anonymous_interact
Enter relu_anonymous_interact S
Sent 353808 bytes
Received 943294 bytes
Read 2304 weights:
Read 16384 weights:
Enter relu_anonymous_interact_add
Enter relu_anonymous_interact_add S
Sent 353734 bytes
Received 943274 bytes
=== block 1 ===
Read 2304 weights:
Read 16384 weights:
Enter relu_anonymous_interact
Enter relu_anonymous_interact S
Sent 353704 bytes
Received 943235 bytes
Read 2304 weights:
Read 16384 weights:
Enter relu_anonymous_interact_add
Enter relu_anonymous_interact_add S
Sent 353658 bytes
Received 943174 bytes
=== block 2 ===
Read 2304 weights:
Read 16384 weights:
Enter relu_anonymous_interact
Enter relu_anonymous_interact S
Sent 353751 bytes
Received 943306 bytes
Read 2304 weights:
Read 16384 weights:
Enter relu_anonymous_interact_add
Enter relu_anonymous_interact_add S
Sent 353641 bytes
Received 943269 bytes
Received 943259 bytes
========== layer 2 ================
=== block 0 ===
Read 4608 weights:
Read 32768 weights:
Enter relu_anonymous_interact
Enter relu_anonymous_interact S
Sent 648485 bytes
Received 648427 bytes
Read 9216 weights:
Read 8192 weights:
Read 512 weights:
Read 32768 weights:
Enter relu_anonymous_interact_add
Enter relu_anonymous_interact_add S
Sent 471633 bytes
Sent 471641 bytes
Received 648356 bytes
=== block 1 ===
Read 9216 weights:
Read 8192 weights:
Enter relu_anonymous_interact
Enter relu_anonymous_interact S
Sent 471592 bytes
Received 648499 bytes
Read 9216 weights:
Read 8192 weights:
Enter relu_anonymous_interact_add
Enter relu_anonymous_interact_add S
Sent 471558 bytes
Received 648444 bytes
=== block 2 ===
Read 9216 weights:
Read 8192 weights:
Enter relu_anonymous_interact
Enter relu_anonymous_interact S
Sent 471567 bytes
Received 648560 bytes
Read 9216 weights:
Read 8192 weights:
Enter relu_anonymous_interact_add
Enter relu_anonymous_interact_add S
Sent 471647 bytes
Received 943381 bytes
Received 943179 bytes
========== layer 3 ================
=== block 0 ===
Read 18432 weights:
Read 16384 weights:
Enter relu_anonymous_interact
Enter relu_anonymous_interact S
Sent 648317 bytes
Received 766392 bytes
Read 36864 weights:
Read 4096 weights:
Read 2048 weights:
Read 16384 weights:
Enter relu_anonymous_interact_add
Enter relu_anonymous_interact_add S
Sent 471573 bytes
Sent 471653 bytes
Received 766363 bytes
=== block 1 ===
Read 36864 weights:
Read 4096 weights:
Enter relu_anonymous_interact
Enter relu_anonymous_interact S
Sent 471565 bytes
Received 766270 bytes
Read 36864 weights:
Read 4096 weights:
Enter relu_anonymous_interact_add
Enter relu_anonymous_interact_add S
Sent 471598 bytes
Received 766374 bytes
=== block 2 ===
Read 36864 weights:
Read 4096 weights:
Enter relu_anonymous_interact
Enter relu_anonymous_interact S
Sent 471664 bytes
Received 766333 bytes
Read 36864 weights:
Read 4096 weights:
========== FC AVG ================
Enter relu_anonymous_interact_add
Enter relu_anonymous_interact_add S
Sent 471595 bytes
Received 58970 bytes
Read 640 weights:
Read 10 weights:
Total execution time: 9452 ms
Socket 4: Received 16762225 bytes, Sent 9432090 bytes
Total: 26194315 bytes
Server listening on port 8080
/
| Encryption parameters :
|   scheme: CKKS
|   poly_modulus_degree: 4096
|   coeff_modulus size: 100 (50 + 50) bits
\
Received 131138 bytes
Received 65611 bytes
Number of slots: 2048
========== init layer ================
Read 432 weights:
Read 16384 weights:
Enter relu_anonymous_interact
Enter relu_anonymous_interact S
Sent 353653 bytes
Received 943198 bytes
========== layer 1 ================
=== block 0 ===
Read 2304 weights:
Read 16384 weights:
Enter relu_anonymous_interact
Enter relu_anonymous_interact S
Sent 353665 bytes
Received 943167 bytes
Read 2304 weights:
Read 16384 weights:
Enter relu_anonymous_interact_add
Enter relu_anonymous_interact_add S
Sent 353671 bytes
Received 943279 bytes
=== block 1 ===
Read 2304 weights:
Read 16384 weights:
Enter relu_anonymous_interact
Enter relu_anonymous_interact S
Sent 353754 bytes
Received 943265 bytes
Read 2304 weights:
Read 16384 weights:
Enter relu_anonymous_interact_add
Enter relu_anonymous_interact_add S
Sent 353674 bytes
Received 943205 bytes
=== block 2 ===
Read 2304 weights:
Read 16384 weights:
Enter relu_anonymous_interact
Enter relu_anonymous_interact S
Sent 353716 bytes
Received 943262 bytes
Read 2304 weights:
Read 16384 weights:
Enter relu_anonymous_interact_add
Enter relu_anonymous_interact_add S
Sent 353654 bytes
Received 943101 bytes
Received 943175 bytes
========== layer 2 ================
=== block 0 ===
Read 4608 weights:
Read 32768 weights:
Enter relu_anonymous_interact
Enter relu_anonymous_interact S
Sent 648446 bytes
Received 648439 bytes
Read 9216 weights:
Read 8192 weights:
Read 512 weights:
Read 32768 weights:
Enter relu_anonymous_interact_add
Enter relu_anonymous_interact_add S
Sent 471645 bytes
Sent 471603 bytes
Received 648472 bytes
=== block 1 ===
Read 9216 weights:
Read 8192 weights:
Enter relu_anonymous_interact
Enter relu_anonymous_interact S
Sent 471586 bytes
Received 648457 bytes
Read 9216 weights:
Read 8192 weights:
Enter relu_anonymous_interact_add
Enter relu_anonymous_interact_add S
Sent 471657 bytes
Received 648435 bytes
=== block 2 ===
Read 9216 weights:
Read 8192 weights:
Enter relu_anonymous_interact
Enter relu_anonymous_interact S
Sent 471659 bytes
Received 648484 bytes
Read 9216 weights:
Read 8192 weights:
Enter relu_anonymous_interact_add
Enter relu_anonymous_interact_add S
Sent 471626 bytes
Received 943202 bytes
Received 943215 bytes
========== layer 3 ================
=== block 0 ===
Read 18432 weights:
Read 16384 weights:
Enter relu_anonymous_interact
Enter relu_anonymous_interact S
Sent 648577 bytes
Received 766268 bytes
Read 36864 weights:
Read 4096 weights:
Read 2048 weights:
Read 16384 weights:
Enter relu_anonymous_interact_add
Enter relu_anonymous_interact_add S
Sent 471557 bytes
Sent 471588 bytes
Received 766408 bytes
=== block 1 ===
Read 36864 weights:
Read 4096 weights:
Enter relu_anonymous_interact
Enter relu_anonymous_interact S
Sent 471590 bytes
Received 766386 bytes
Read 36864 weights:
Read 4096 weights:
Enter relu_anonymous_interact_add
Enter relu_anonymous_interact_add S
Sent 471594 bytes
Received 766339 bytes
=== block 2 ===
Read 36864 weights:
Read 4096 weights:
Enter relu_anonymous_interact
Enter relu_anonymous_interact S
Sent 471532 bytes
Received 766414 bytes
Read 36864 weights:
Read 4096 weights:
========== FC AVG ================
Enter relu_anonymous_interact_add
Enter relu_anonymous_interact_add S
Sent 471768 bytes
Received 58949 bytes
Read 640 weights:
Read 10 weights:
Total execution time: 9109 ms
Socket 4: Received 16761869 bytes, Sent 9432215 bytes
Total: 26194084 bytes
Server listening on port 8080
/
| Encryption parameters :
|   scheme: CKKS
|   poly_modulus_degree: 4096
|   coeff_modulus size: 100 (50 + 50) bits
\
Received 131138 bytes
Received 65611 bytes
Number of slots: 2048
========== init layer ================
Read 432 weights:
Read 16384 weights:
Enter relu_anonymous_interact
Enter relu_anonymous_interact S
Sent 353692 bytes
Received 943142 bytes
========== layer 1 ================
=== block 0 ===
Read 2304 weights:
Read 16384 weights:
Enter relu_anonymous_interact
Enter relu_anonymous_interact S
Sent 353832 bytes
Received 943089 bytes
Read 2304 weights:
Read 16384 weights:
Enter relu_anonymous_interact_add
Enter relu_anonymous_interact_add S
Sent 353711 bytes
Received 943210 bytes
=== block 1 ===
Read 2304 weights:
Read 16384 weights:
Enter relu_anonymous_interact
Enter relu_anonymous_interact S
Sent 353681 bytes
Received 943153 bytes
Read 2304 weights:
Read 16384 weights:
Enter relu_anonymous_interact_add
Enter relu_anonymous_interact_add S
Sent 353721 bytes
Received 943249 bytes
=== block 2 ===
Read 2304 weights:
Read 16384 weights:
Enter relu_anonymous_interact
Enter relu_anonymous_interact S
Sent 353731 bytes
Received 943144 bytes
Read 2304 weights:
Read 16384 weights:
Enter relu_anonymous_interact_add
Enter relu_anonymous_interact_add S
Sent 353775 bytes
Received 943148 bytes
Received 943170 bytes
========== layer 2 ================
=== block 0 ===
Read 4608 weights:
Read 32768 weights:
Enter relu_anonymous_interact
Enter relu_anonymous_interact S
Sent 648514 bytes
Received 648435 bytes
Read 9216 weights:
Read 8192 weights:
Read 512 weights:
Read 32768 weights:
Enter relu_anonymous_interact_add
Enter relu_anonymous_interact_add S
Sent 471601 bytes
Sent 471609 bytes
Received 648450 bytes
=== block 1 ===
Read 9216 weights:
Read 8192 weights:
Enter relu_anonymous_interact
Enter relu_anonymous_interact S
Sent 471574 bytes
Received 648424 bytes
Read 9216 weights:
Read 8192 weights:
Enter relu_anonymous_interact_add
Enter relu_anonymous_interact_add S
Sent 471576 bytes
Received 648514 bytes
=== block 2 ===
Read 9216 weights:
Read 8192 weights:
Enter relu_anonymous_interact
Enter relu_anonymous_interact S
Sent 471623 bytes
Received 648414 bytes
Read 9216 weights:
Read 8192 weights:
Enter relu_anonymous_interact_add
Enter relu_anonymous_interact_add S
Sent 471594 bytes
Received 943088 bytes
Received 943188 bytes
========== layer 3 ================
=== block 0 ===
Read 18432 weights:
Read 16384 weights:
Enter relu_anonymous_interact
Enter relu_anonymous_interact S
Sent 648509 bytes
Received 766324 bytes
Read 36864 weights:
Read 4096 weights:
Read 2048 weights:
Read 16384 weights:
Enter relu_anonymous_interact_add
Enter relu_anonymous_interact_add S
Sent 471620 bytes
Sent 471624 bytes
Received 766365 bytes
=== block 1 ===
Read 36864 weights:
Read 4096 weights:
Enter relu_anonymous_interact
Enter relu_anonymous_interact S
Sent 471652 bytes
Received 766307 bytes
Read 36864 weights:
Read 4096 weights:
Enter relu_anonymous_interact_add
Enter relu_anonymous_interact_add S
Sent 471600 bytes
Received 766501 bytes
=== block 2 ===
Read 36864 weights:
Read 4096 weights:
Enter relu_anonymous_interact
Enter relu_anonymous_interact S
Sent 471628 bytes
Received 766272 bytes
Read 36864 weights:
Read 4096 weights:
========== FC AVG ================
Enter relu_anonymous_interact_add
Enter relu_anonymous_interact_add S
Sent 471689 bytes
Received 58966 bytes
Read 640 weights:
Read 10 weights:
Total execution time: 9384 ms
Socket 4: Received 16761302 bytes, Sent 9432556 bytes
Total: 26193858 bytes
Server listening on port 8080
/
| Encryption parameters :
|   scheme: CKKS
|   poly_modulus_degree: 4096
|   coeff_modulus size: 100 (50 + 50) bits
\
Received 131138 bytes
Received 65611 bytes
Number of slots: 2048
========== init layer ================
Read 432 weights:
Read 16384 weights:
Enter relu_anonymous_interact
Enter relu_anonymous_interact S
Sent 353740 bytes
Received 943152 bytes
========== layer 1 ================
=== block 0 ===
Read 2304 weights:
Read 16384 weights:
Enter relu_anonymous_interact
Enter relu_anonymous_interact S
Sent 353726 bytes
Received 943132 bytes
Read 2304 weights:
Read 16384 weights:
Enter relu_anonymous_interact_add
Enter relu_anonymous_interact_add S
Sent 353669 bytes
Received 943254 bytes
=== block 1 ===
Read 2304 weights:
Read 16384 weights:
Enter relu_anonymous_interact
Enter relu_anonymous_interact S
Sent 353641 bytes
Received 943214 bytes
Read 2304 weights:
Read 16384 weights:
Enter relu_anonymous_interact_add
Enter relu_anonymous_interact_add S
Sent 353692 bytes
Received 943082 bytes
=== block 2 ===
Read 2304 weights:
Read 16384 weights:
Enter relu_anonymous_interact
Enter relu_anonymous_interact S
Sent 353711 bytes
Received 943224 bytes
Read 2304 weights:
Read 16384 weights:
Enter relu_anonymous_interact_add
Enter relu_anonymous_interact_add S
Sent 353682 bytes
Received 943302 bytes
Received 943196 bytes
========== layer 2 ================
=== block 0 ===
Read 4608 weights:
Read 32768 weights:
Enter relu_anonymous_interact
Enter relu_anonymous_interact S
Sent 648464 bytes
Received 648466 bytes
Read 9216 weights:
Read 8192 weights:
Read 512 weights:
Read 32768 weights:
Enter relu_anonymous_interact_add
Enter relu_anonymous_interact_add S
Sent 471719 bytes
Sent 471714 bytes
Received 648545 bytes
=== block 1 ===
Read 9216 weights:
Read 8192 weights:
Enter relu_anonymous_interact
Enter relu_anonymous_interact S
Sent 471660 bytes
Received 648561 bytes
Read 9216 weights:
Read 8192 weights:
Enter relu_anonymous_interact_add
Enter relu_anonymous_interact_add S
Sent 471614 bytes
Received 648514 bytes
=== block 2 ===
Read 9216 weights:
Read 8192 weights:
Enter relu_anonymous_interact
Enter relu_anonymous_interact S
Sent 471610 bytes
Received 648421 bytes
Read 9216 weights:
Read 8192 weights:
Enter relu_anonymous_interact_add
Enter relu_anonymous_interact_add S
Sent 471610 bytes
Received 943193 bytes
Received 943292 bytes
========== layer 3 ================
=== block 0 ===
Read 18432 weights:
Read 16384 weights:
Enter relu_anonymous_interact
Enter relu_anonymous_interact S
Sent 648465 bytes
Received 766420 bytes
Read 36864 weights:
Read 4096 weights:
Read 2048 weights:
Read 16384 weights:
Enter relu_anonymous_interact_add
Enter relu_anonymous_interact_add S
Sent 471702 bytes
Sent 471593 bytes
Received 766362 bytes
=== block 1 ===
Read 36864 weights:
Read 4096 weights:
Enter relu_anonymous_interact
Enter relu_anonymous_interact S
Sent 471567 bytes
Received 766427 bytes
Read 36864 weights:
Read 4096 weights:
Enter relu_anonymous_interact_add
Enter relu_anonymous_interact_add S
Sent 471602 bytes
Received 766279 bytes
=== block 2 ===
Read 36864 weights:
Read 4096 weights:
Enter relu_anonymous_interact
Enter relu_anonymous_interact S
Sent 471521 bytes
Received 766352 bytes
Read 36864 weights:
Read 4096 weights:
========== FC AVG ================
Enter relu_anonymous_interact_add
Enter relu_anonymous_interact_add S
Sent 471564 bytes
Received 58989 bytes
Read 640 weights:
Read 10 weights:
Total execution time: 9631 ms
Socket 4: Received 16762126 bytes, Sent 9432266 bytes
Total: 26194392 bytes
